
Memory Configuration

Name             Origin             Length             Attributes
*default*        0x0000000000000000 0xffffffffffffffff

Linker script and memory map

                0x0000000002200000                . = 0x2200000

.text.boot      0x0000000002200000       0x84
 *(.text.boot)
 .text.boot     0x0000000002200000       0x84 build/boot_s.o
                0x0000000002200000                _start

.text           0x0000000002200084      0x230
 *(.text)
 .text          0x0000000002200084        0x0 build/boot_s.o
 .text          0x0000000002200084       0x8c build/driver/ddr_c.o
                0x0000000002200084                initDDR
 .text          0x0000000002200110       0xc6 build/driver/uart_c.o
                0x0000000002200110                uart_putc
                0x0000000002200128                uart_getc
                0x0000000002200144                uart_puts
                0x0000000002200166                uart_init
 .text          0x00000000022001d6       0xde build/src/main_c.o
                0x00000000022001d6                flash_cpy
                0x0000000002200234                soc_cru
                0x0000000002200250                gpio
                0x0000000002200294                _main

.rodata
 *(.rodata)

.data           0x00000000022002b8      0xd98
 *(.data)
 .data          0x00000000022002b8        0x0 build/boot_s.o
 .data          0x00000000022002b8      0xd98 build/driver/ddr_c.o
                0x00000000022002b8                cmds
 .data          0x0000000002201050        0x0 build/driver/uart_c.o
 .data          0x0000000002201050        0x0 build/src/main_c.o

.bss            0x0000000002201050        0x0
 *(.bss)
 .bss           0x0000000002201050        0x0 build/boot_s.o
 .bss           0x0000000002201050        0x0 build/driver/ddr_c.o
 .bss           0x0000000002201050        0x0 build/driver/uart_c.o
 .bss           0x0000000002201050        0x0 build/src/main_c.o
LOAD build/boot_s.o
LOAD build/driver/ddr_c.o
LOAD build/driver/uart_c.o
LOAD build/src/main_c.o
OUTPUT(build/bootrom.elf elf64-littleriscv)

.riscv.attributes
                0x0000000000000000       0x4b
 .riscv.attributes
                0x0000000000000000       0x49 build/boot_s.o
 .riscv.attributes
                0x0000000000000049       0x47 build/driver/ddr_c.o
 .riscv.attributes
                0x0000000000000090       0x47 build/driver/uart_c.o
 .riscv.attributes
                0x00000000000000d7       0x47 build/src/main_c.o

.comment        0x0000000000000000       0x1b
 .comment       0x0000000000000000       0x1b build/driver/ddr_c.o
                                         0x1c (size before relaxing)
 .comment       0x000000000000001b       0x1c build/driver/uart_c.o
 .comment       0x000000000000001b       0x1c build/src/main_c.o

.note.GNU-stack
                0x0000000000000000        0x0
 .note.GNU-stack
                0x0000000000000000        0x0 build/driver/ddr_c.o
 .note.GNU-stack
                0x0000000000000000        0x0 build/driver/uart_c.o
 .note.GNU-stack
                0x0000000000000000        0x0 build/src/main_c.o

.debug_line     0x0000000000000000      0xb18
 .debug_line    0x0000000000000000      0x16c build/boot_s.o
 .debug_line    0x000000000000016c      0x1a8 build/driver/ddr_c.o
 .debug_line    0x0000000000000314      0x3b2 build/driver/uart_c.o
 .debug_line    0x00000000000006c6      0x452 build/src/main_c.o

.debug_line_str
                0x0000000000000000      0x18e
 .debug_line_str
                0x0000000000000000       0x6d build/boot_s.o
 .debug_line_str
                0x000000000000006d       0x74 build/driver/ddr_c.o
                                         0xe0 (size before relaxing)
 .debug_line_str
                0x00000000000000e1       0x3e build/driver/uart_c.o
                                         0xe3 (size before relaxing)
 .debug_line_str
                0x000000000000011f       0x6f build/src/main_c.o
                                         0xdd (size before relaxing)

.debug_info     0x0000000000000000      0x919
 .debug_info    0x0000000000000000       0x29 build/boot_s.o
 .debug_info    0x0000000000000029      0x135 build/driver/ddr_c.o
 .debug_info    0x000000000000015e      0x3f3 build/driver/uart_c.o
 .debug_info    0x0000000000000551      0x3c8 build/src/main_c.o

.debug_abbrev   0x0000000000000000      0x379
 .debug_abbrev  0x0000000000000000       0x14 build/boot_s.o
 .debug_abbrev  0x0000000000000014       0xe7 build/driver/ddr_c.o
 .debug_abbrev  0x00000000000000fb      0x140 build/driver/uart_c.o
 .debug_abbrev  0x000000000000023b      0x13e build/src/main_c.o

.debug_aranges  0x0000000000000000       0xc0
 .debug_aranges
                0x0000000000000000       0x30 build/boot_s.o
 .debug_aranges
                0x0000000000000030       0x30 build/driver/ddr_c.o
 .debug_aranges
                0x0000000000000060       0x30 build/driver/uart_c.o
 .debug_aranges
                0x0000000000000090       0x30 build/src/main_c.o

.debug_str      0x0000000000000000      0x1c2
 .debug_str     0x0000000000000000       0x7b build/boot_s.o
 .debug_str     0x000000000000007b       0xdd build/driver/ddr_c.o
                                        0x101 (size before relaxing)
 .debug_str     0x0000000000000158       0x2d build/driver/uart_c.o
                                         0xc8 (size before relaxing)
 .debug_str     0x0000000000000185       0x3d build/src/main_c.o
                                         0xea (size before relaxing)

.debug_loclists
                0x0000000000000000      0x31c
 .debug_loclists
                0x0000000000000000      0x105 build/driver/ddr_c.o
 .debug_loclists
                0x0000000000000105       0xc7 build/driver/uart_c.o
 .debug_loclists
                0x00000000000001cc      0x150 build/src/main_c.o

.debug_rnglists
                0x0000000000000000      0x129
 .debug_rnglists
                0x0000000000000000       0x40 build/driver/ddr_c.o
 .debug_rnglists
                0x0000000000000040       0x63 build/driver/uart_c.o
 .debug_rnglists
                0x00000000000000a3       0x86 build/src/main_c.o

.debug_frame    0x0000000000000000      0x120
 .debug_frame   0x0000000000000000       0x28 build/driver/ddr_c.o
 .debug_frame   0x0000000000000028       0x80 build/driver/uart_c.o
 .debug_frame   0x00000000000000a8       0x78 build/src/main_c.o
